// Jest Snapshot v1, https://goo.gl/fbAQLP

exports[`Card should match snapshot 1`] = `
<div>
  <div
    class="record-card"
    data-testid="card"
  >
    <img
      alt="songImg"
      class="song-img"
      data-testid="record-img"
      src="abc"
    />
    <div
      class="record-container"
    >
      <p>
        abc
      </p>
      <p>
        abc
      </p>
    </div>
  </div>
</div>
`;
