// Jest Snapshot v1, https://goo.gl/fbAQLP

exports[`Home should match snapshot 1`] = `
<div>
  <div
    class="home"
  >
    <h4>
      Seems a bit empty in here :(
    </h4>
    <a
      href="/allrecords"
    >
      <button
        type="button"
      >
        Sync
      </button>
    </a>
  </div>
</div>
`;
