// Jest Snapshot v1, https://goo.gl/fbAQLP

exports[`App should match snapshot 1`] = `
<div>
  <div>
    <div>
      <nav>
        <h1>
          My Record Shelf
        </h1>
      </nav>
    </div>
    <div
      class="home"
    >
      <h4>
        Seems a bit empty in here :(
      </h4>
      <a
        href="/allrecords"
      >
        <button
          type="button"
        >
          Sync
        </button>
      </a>
    </div>
  </div>
</div>
`;
